<?xml version="1.0"?>
<link_info>
   <banner>TMS320C2000 Linker PC v6.2.8</banner>
   <copyright>Copyright (c) 1996-2014 Texas Instruments Incorporated</copyright>
   <link_time>0x54fe2b1a</link_time>
   <link_errors>0x0</link_errors>
   <output_file>Example_F2802xEPwmTimerInt.out</output_file>
   <entry_point>
      <name>code_start</name>
      <address>0x0</address>
   </entry_point>
   <input_file_list>
      <input_file id="fl-2">
         <path>.\f2802x_headers\source\</path>
         <kind>object</kind>
         <file>F2802x_GlobalVariableDefs.obj</file>
         <name>F2802x_GlobalVariableDefs.obj</name>
      </input_file>
      <input_file id="fl-3">
         <path>.\</path>
         <kind>object</kind>
         <file>sci_io.obj</file>
         <name>sci_io.obj</name>
      </input_file>
      <input_file id="fl-4">
         <path>.\</path>
         <kind>object</kind>
         <file>sci.obj</file>
         <name>sci.obj</name>
      </input_file>
      <input_file id="fl-5">
         <path>.\</path>
         <kind>object</kind>
         <file>F28027_EPwmTimerInt.obj</file>
         <name>F28027_EPwmTimerInt.obj</name>
      </input_file>
      <input_file id="fl-f">
         <path>..\lib\</path>
         <kind>archive</kind>
         <file>driverlib.lib</file>
         <name>wdog.obj</name>
      </input_file>
      <input_file id="fl-10">
         <path>..\lib\</path>
         <kind>archive</kind>
         <file>driverlib.lib</file>
         <name>timer.obj</name>
      </input_file>
      <input_file id="fl-11">
         <path>..\lib\</path>
         <kind>archive</kind>
         <file>driverlib.lib</file>
         <name>pwm.obj</name>
      </input_file>
      <input_file id="fl-12">
         <path>..\lib\</path>
         <kind>archive</kind>
         <file>driverlib.lib</file>
         <name>pll.obj</name>
      </input_file>
      <input_file id="fl-13">
         <path>..\lib\</path>
         <kind>archive</kind>
         <file>driverlib.lib</file>
         <name>pie.obj</name>
      </input_file>
      <input_file id="fl-14">
         <path>..\lib\</path>
         <kind>archive</kind>
         <file>driverlib.lib</file>
         <name>gpio.obj</name>
      </input_file>
      <input_file id="fl-15">
         <path>..\lib\</path>
         <kind>archive</kind>
         <file>driverlib.lib</file>
         <name>flash.obj</name>
      </input_file>
      <input_file id="fl-16">
         <path>..\lib\</path>
         <kind>archive</kind>
         <file>driverlib.lib</file>
         <name>cpu.obj</name>
      </input_file>
      <input_file id="fl-17">
         <path>..\lib\</path>
         <kind>archive</kind>
         <file>driverlib.lib</file>
         <name>clk.obj</name>
      </input_file>
      <input_file id="fl-18">
         <path>..\lib\</path>
         <kind>archive</kind>
         <file>driverlib.lib</file>
         <name>adc.obj</name>
      </input_file>
      <input_file id="fl-19">
         <path>..\lib\</path>
         <kind>archive</kind>
         <file>driverlib.lib</file>
         <name>F2802xX_asmfuncs.obj</name>
      </input_file>
      <input_file id="fl-1a">
         <path>..\lib\</path>
         <kind>archive</kind>
         <file>driverlib.lib</file>
         <name>F2802xX_DefaultIsr.obj</name>
      </input_file>
      <input_file id="fl-1b">
         <path>C:\ti\ccsv6\tools\compiler\c2000_6.2.8\lib\</path>
         <kind>archive</kind>
         <file>rts2800_ml.lib</file>
         <name>boot.obj</name>
      </input_file>
      <input_file id="fl-1c">
         <path>C:\ti\ccsv6\tools\compiler\c2000_6.2.8\lib\</path>
         <kind>archive</kind>
         <file>rts2800_ml.lib</file>
         <name>exit.obj</name>
      </input_file>
      <input_file id="fl-1d">
         <path>C:\ti\ccsv6\tools\compiler\c2000_6.2.8\lib\</path>
         <kind>archive</kind>
         <file>rts2800_ml.lib</file>
         <name>_lock.obj</name>
      </input_file>
      <input_file id="fl-1e">
         <path>C:\ti\ccsv6\tools\compiler\c2000_6.2.8\lib\</path>
         <kind>archive</kind>
         <file>rts2800_ml.lib</file>
         <name>args_main.obj</name>
      </input_file>
   </input_file_list>
   <object_component_list>
      <object_component id="oc-54">
         <name>PieVectTableFile</name>
         <uninitialized>true</uninitialized>
         <run_address>0xd00</run_address>
         <size>0x100</size>
         <input_file_ref idref="fl-2"/>
      </object_component>
      <object_component id="oc-34">
         <name>EmuKeyVar</name>
         <uninitialized>true</uninitialized>
         <run_address>0xd00</run_address>
         <size>0x1</size>
         <input_file_ref idref="fl-2"/>
      </object_component>
      <object_component id="oc-36">
         <name>EmuBModeVar</name>
         <uninitialized>true</uninitialized>
         <run_address>0xd01</run_address>
         <size>0x1</size>
         <input_file_ref idref="fl-2"/>
      </object_component>
      <object_component id="oc-38">
         <name>FlashCallbackVar</name>
         <uninitialized>true</uninitialized>
         <run_address>0xd02</run_address>
         <size>0x2</size>
         <input_file_ref idref="fl-2"/>
      </object_component>
      <object_component id="oc-37">
         <name>FlashScalingVar</name>
         <uninitialized>true</uninitialized>
         <run_address>0xd04</run_address>
         <size>0x2</size>
         <input_file_ref idref="fl-2"/>
      </object_component>
      <object_component id="oc-3a">
         <name>DevEmuRegsFile</name>
         <uninitialized>true</uninitialized>
         <run_address>0x880</run_address>
         <size>0x4</size>
         <input_file_ref idref="fl-2"/>
      </object_component>
      <object_component id="oc-39">
         <name>SysPwrCtrlRegsFile</name>
         <uninitialized>true</uninitialized>
         <run_address>0x985</run_address>
         <size>0x3</size>
         <input_file_ref idref="fl-2"/>
      </object_component>
      <object_component id="oc-3b">
         <name>FlashRegsFile</name>
         <uninitialized>true</uninitialized>
         <run_address>0xa80</run_address>
         <size>0x8</size>
         <input_file_ref idref="fl-2"/>
      </object_component>
      <object_component id="oc-44">
         <name>CsmRegsFile</name>
         <uninitialized>true</uninitialized>
         <run_address>0xae0</run_address>
         <size>0x10</size>
         <input_file_ref idref="fl-2"/>
      </object_component>
      <object_component id="oc-4c">
         <name>AdcResultFile</name>
         <uninitialized>true</uninitialized>
         <run_address>0xb00</run_address>
         <size>0x20</size>
         <input_file_ref idref="fl-2"/>
      </object_component>
      <object_component id="oc-3c">
         <name>CpuTimer0RegsFile</name>
         <uninitialized>true</uninitialized>
         <run_address>0xc00</run_address>
         <size>0x8</size>
         <input_file_ref idref="fl-2"/>
      </object_component>
      <object_component id="oc-3d">
         <name>CpuTimer1RegsFile</name>
         <uninitialized>true</uninitialized>
         <run_address>0xc08</run_address>
         <size>0x8</size>
         <input_file_ref idref="fl-2"/>
      </object_component>
      <object_component id="oc-3e">
         <name>CpuTimer2RegsFile</name>
         <uninitialized>true</uninitialized>
         <run_address>0xc10</run_address>
         <size>0x8</size>
         <input_file_ref idref="fl-2"/>
      </object_component>
      <object_component id="oc-48">
         <name>PieCtrlRegsFile</name>
         <uninitialized>true</uninitialized>
         <run_address>0xce0</run_address>
         <size>0x1a</size>
         <input_file_ref idref="fl-2"/>
      </object_component>
      <object_component id="oc-4b">
         <name>ECap1RegsFile</name>
         <uninitialized>true</uninitialized>
         <run_address>0x6a00</run_address>
         <size>0x20</size>
         <input_file_ref idref="fl-2"/>
      </object_component>
      <object_component id="oc-52">
         <name>GpioCtrlRegsFile</name>
         <uninitialized>true</uninitialized>
         <run_address>0x6f80</run_address>
         <size>0x40</size>
         <input_file_ref idref="fl-2"/>
      </object_component>
      <object_component id="oc-4a">
         <name>GpioDataRegsFile</name>
         <uninitialized>true</uninitialized>
         <run_address>0x6fc0</run_address>
         <size>0x20</size>
         <input_file_ref idref="fl-2"/>
      </object_component>
      <object_component id="oc-40">
         <name>GpioIntRegsFile</name>
         <uninitialized>true</uninitialized>
         <run_address>0x6fe0</run_address>
         <size>0xa</size>
         <input_file_ref idref="fl-2"/>
      </object_component>
      <object_component id="oc-49">
         <name>SysCtrlRegsFile</name>
         <uninitialized>true</uninitialized>
         <run_address>0x7010</run_address>
         <size>0x1f</size>
         <input_file_ref idref="fl-2"/>
      </object_component>
      <object_component id="oc-41">
         <name>SpiaRegsFile</name>
         <uninitialized>true</uninitialized>
         <run_address>0x7040</run_address>
         <size>0x10</size>
         <input_file_ref idref="fl-2"/>
      </object_component>
      <object_component id="oc-42">
         <name>SciaRegsFile</name>
         <uninitialized>true</uninitialized>
         <run_address>0x7050</run_address>
         <size>0x10</size>
         <input_file_ref idref="fl-2"/>
      </object_component>
      <object_component id="oc-43">
         <name>NmiIntruptRegsFile</name>
         <uninitialized>true</uninitialized>
         <run_address>0x7060</run_address>
         <size>0x10</size>
         <input_file_ref idref="fl-2"/>
      </object_component>
      <object_component id="oc-45">
         <name>XIntruptRegsFile</name>
         <uninitialized>true</uninitialized>
         <run_address>0x7070</run_address>
         <size>0x10</size>
         <input_file_ref idref="fl-2"/>
      </object_component>
      <object_component id="oc-53">
         <name>AdcRegsFile</name>
         <uninitialized>true</uninitialized>
         <run_address>0x7100</run_address>
         <size>0x51</size>
         <input_file_ref idref="fl-2"/>
      </object_component>
      <object_component id="oc-4d">
         <name>I2caRegsFile</name>
         <uninitialized>true</uninitialized>
         <run_address>0x7900</run_address>
         <size>0x22</size>
         <input_file_ref idref="fl-2"/>
      </object_component>
      <object_component id="oc-47">
         <name>Comp1RegsFile</name>
         <uninitialized>true</uninitialized>
         <run_address>0x6400</run_address>
         <size>0x11</size>
         <input_file_ref idref="fl-2"/>
      </object_component>
      <object_component id="oc-46">
         <name>Comp2RegsFile</name>
         <uninitialized>true</uninitialized>
         <run_address>0x6420</run_address>
         <size>0x11</size>
         <input_file_ref idref="fl-2"/>
      </object_component>
      <object_component id="oc-51">
         <name>EPwm1RegsFile</name>
         <uninitialized>true</uninitialized>
         <run_address>0x6800</run_address>
         <size>0x40</size>
         <input_file_ref idref="fl-2"/>
      </object_component>
      <object_component id="oc-4f">
         <name>EPwm2RegsFile</name>
         <uninitialized>true</uninitialized>
         <run_address>0x6840</run_address>
         <size>0x40</size>
         <input_file_ref idref="fl-2"/>
      </object_component>
      <object_component id="oc-4e">
         <name>EPwm3RegsFile</name>
         <uninitialized>true</uninitialized>
         <run_address>0x6880</run_address>
         <size>0x40</size>
         <input_file_ref idref="fl-2"/>
      </object_component>
      <object_component id="oc-50">
         <name>EPwm4RegsFile</name>
         <uninitialized>true</uninitialized>
         <run_address>0x68c0</run_address>
         <size>0x40</size>
         <input_file_ref idref="fl-2"/>
      </object_component>
      <object_component id="oc-3f">
         <name>CsmPwlFile</name>
         <uninitialized>true</uninitialized>
         <run_address>0x3f7ff8</run_address>
         <size>0x8</size>
         <input_file_ref idref="fl-2"/>
      </object_component>
      <object_component id="oc-35">
         <name>PartIdRegsFile</name>
         <uninitialized>true</uninitialized>
         <run_address>0x3d7fff</run_address>
         <size>0x1</size>
         <input_file_ref idref="fl-2"/>
      </object_component>
      <object_component id="oc-32">
         <name>codestart</name>
         <load_address>0x0</load_address>
         <run_address>0x0</run_address>
         <size>0x2</size>
         <input_file_ref idref="fl-19"/>
      </object_component>
      <object_component id="oc-91">
         <name>ramfuncs</name>
         <load_address>0x8643</load_address>
         <run_address>0x8643</run_address>
         <size>0x4</size>
         <input_file_ref idref="fl-19"/>
      </object_component>
      <object_component id="oc-b3">
         <name>.text</name>
         <load_address>0x76</load_address>
         <run_address>0x76</run_address>
         <size>0x268</size>
         <input_file_ref idref="fl-4"/>
      </object_component>
      <object_component id="oc-63">
         <name>.text:retain</name>
         <load_address>0x2de</load_address>
         <run_address>0x2de</run_address>
         <size>0xd5</size>
         <input_file_ref idref="fl-5"/>
      </object_component>
      <object_component id="oc-d5">
         <name>.text:_GPIO_setMode</name>
         <load_address>0x3b3</load_address>
         <run_address>0x3b3</run_address>
         <size>0x49</size>
         <input_file_ref idref="fl-14"/>
      </object_component>
      <object_component id="oc-cd">
         <name>.text:_CPU_enableInt</name>
         <load_address>0x3fc</load_address>
         <run_address>0x3fc</run_address>
         <size>0x4</size>
         <input_file_ref idref="fl-16"/>
      </object_component>
      <object_component id="oc-af">
         <name>.text</name>
         <load_address>0x8000</load_address>
         <run_address>0x8000</run_address>
         <size>0x264</size>
         <input_file_ref idref="fl-5"/>
      </object_component>
      <object_component id="oc-b2">
         <name>.text</name>
         <load_address>0x8264</load_address>
         <run_address>0x8264</run_address>
         <size>0x89</size>
         <input_file_ref idref="fl-3"/>
      </object_component>
      <object_component id="oc-99">
         <name>.text</name>
         <load_address>0x82ed</load_address>
         <run_address>0x82ed</run_address>
         <size>0x44</size>
         <input_file_ref idref="fl-1b"/>
      </object_component>
      <object_component id="oc-d2">
         <name>.text:_GPIO_setDirection</name>
         <load_address>0x8331</load_address>
         <run_address>0x8331</run_address>
         <size>0x34</size>
         <input_file_ref idref="fl-14"/>
      </object_component>
      <object_component id="oc-d3">
         <name>.text:_GPIO_setPullUp</name>
         <load_address>0x8365</load_address>
         <run_address>0x8365</run_address>
         <size>0x34</size>
         <input_file_ref idref="fl-14"/>
      </object_component>
      <object_component id="oc-d4">
         <name>.text:_GPIO_setQualification</name>
         <load_address>0x8399</load_address>
         <run_address>0x8399</run_address>
         <size>0x2b</size>
         <input_file_ref idref="fl-14"/>
      </object_component>
      <object_component id="oc-b4">
         <name>.text</name>
         <load_address>0x83c4</load_address>
         <run_address>0x83c4</run_address>
         <size>0x19</size>
         <input_file_ref idref="fl-1e"/>
      </object_component>
      <object_component id="oc-b5">
         <name>.text</name>
         <load_address>0x83dd</load_address>
         <run_address>0x83dd</run_address>
         <size>0x19</size>
         <input_file_ref idref="fl-1c"/>
      </object_component>
      <object_component id="oc-c5">
         <name>.text:_PLL_setup</name>
         <load_address>0x83f6</load_address>
         <run_address>0x83f6</run_address>
         <size>0x15</size>
         <input_file_ref idref="fl-12"/>
      </object_component>
      <object_component id="oc-90">
         <name>.text</name>
         <load_address>0x840b</load_address>
         <run_address>0x840b</run_address>
         <size>0x12</size>
         <input_file_ref idref="fl-19"/>
      </object_component>
      <object_component id="oc-b0">
         <name>.text:_GPIO_setPortData</name>
         <load_address>0x841d</load_address>
         <run_address>0x841d</run_address>
         <size>0xf</size>
         <input_file_ref idref="fl-14"/>
      </object_component>
      <object_component id="oc-c7">
         <name>.text:_PIE_disableAllInts</name>
         <load_address>0x842c</load_address>
         <run_address>0x842c</run_address>
         <size>0xf</size>
         <input_file_ref idref="fl-13"/>
      </object_component>
      <object_component id="oc-cc">
         <name>.text:_PIE_registerPieIntHandler</name>
         <load_address>0x843b</load_address>
         <run_address>0x843b</run_address>
         <size>0xf</size>
         <input_file_ref idref="fl-13"/>
      </object_component>
      <object_component id="oc-ca">
         <name>.text:_PIE_setDebugIntVectorTable</name>
         <load_address>0x844a</load_address>
         <run_address>0x844a</run_address>
         <size>0xf</size>
         <input_file_ref idref="fl-13"/>
      </object_component>
      <object_component id="oc-ce">
         <name>.text:_PIE_enablePwmInt</name>
         <load_address>0x8459</load_address>
         <run_address>0x8459</run_address>
         <size>0xd</size>
         <input_file_ref idref="fl-13"/>
      </object_component>
      <object_component id="oc-d6">
         <name>.text:_PIE_enableInt</name>
         <load_address>0x8466</load_address>
         <run_address>0x8466</run_address>
         <size>0xa</size>
         <input_file_ref idref="fl-13"/>
      </object_component>
      <object_component id="oc-d8">
         <name>.text:_CLK_enablePwmClock</name>
         <load_address>0x8470</load_address>
         <run_address>0x8470</run_address>
         <size>0x9</size>
         <input_file_ref idref="fl-17"/>
      </object_component>
      <object_component id="oc-e2">
         <name>.text:_CLK_enableSciaClock</name>
         <load_address>0x8479</load_address>
         <run_address>0x8479</run_address>
         <size>0x9</size>
         <input_file_ref idref="fl-17"/>
      </object_component>
      <object_component id="oc-b6">
         <name>.text</name>
         <load_address>0x8482</load_address>
         <run_address>0x8482</run_address>
         <size>0x9</size>
         <input_file_ref idref="fl-1d"/>
      </object_component>
      <object_component id="oc-c0">
         <name>.text:_ADC_init</name>
         <load_address>0x848b</load_address>
         <run_address>0x848b</run_address>
         <size>0x8</size>
         <input_file_ref idref="fl-18"/>
      </object_component>
      <object_component id="oc-bb">
         <name>.text:_PIE_init</name>
         <load_address>0x8493</load_address>
         <run_address>0x8493</run_address>
         <size>0x8</size>
         <input_file_ref idref="fl-13"/>
      </object_component>
      <object_component id="oc-c1">
         <name>.text:_WDOG_disable</name>
         <load_address>0x849b</load_address>
         <run_address>0x849b</run_address>
         <size>0x8</size>
         <input_file_ref idref="fl-f"/>
      </object_component>
      <object_component id="oc-c3">
         <name>.text:_CLK_disableAdcClock</name>
         <load_address>0x84a3</load_address>
         <run_address>0x84a3</run_address>
         <size>0x7</size>
         <input_file_ref idref="fl-17"/>
      </object_component>
      <object_component id="oc-d7">
         <name>.text:_CLK_disableTbClockSync</name>
         <load_address>0x84aa</load_address>
         <run_address>0x84aa</run_address>
         <size>0x7</size>
         <input_file_ref idref="fl-17"/>
      </object_component>
      <object_component id="oc-c2">
         <name>.text:_CLK_enableAdcClock</name>
         <load_address>0x84b1</load_address>
         <run_address>0x84b1</run_address>
         <size>0x7</size>
         <input_file_ref idref="fl-17"/>
      </object_component>
      <object_component id="oc-e1">
         <name>.text:_CLK_enableTbClockSync</name>
         <load_address>0x84b8</load_address>
         <run_address>0x84b8</run_address>
         <size>0x7</size>
         <input_file_ref idref="fl-17"/>
      </object_component>
      <object_component id="oc-b7">
         <name>.text:_CLK_init</name>
         <load_address>0x84bf</load_address>
         <run_address>0x84bf</run_address>
         <size>0x7</size>
         <input_file_ref idref="fl-17"/>
      </object_component>
      <object_component id="oc-c4">
         <name>.text:_CLK_setOscSrc</name>
         <load_address>0x84c6</load_address>
         <run_address>0x84c6</run_address>
         <size>0x7</size>
         <input_file_ref idref="fl-17"/>
      </object_component>
      <object_component id="oc-b9">
         <name>.text:_FLASH_init</name>
         <load_address>0x84cd</load_address>
         <run_address>0x84cd</run_address>
         <size>0x7</size>
         <input_file_ref idref="fl-15"/>
      </object_component>
      <object_component id="oc-ba">
         <name>.text:_GPIO_init</name>
         <load_address>0x84d4</load_address>
         <run_address>0x84d4</run_address>
         <size>0x7</size>
         <input_file_ref idref="fl-14"/>
      </object_component>
      <object_component id="oc-bc">
         <name>.text:_PLL_init</name>
         <load_address>0x84db</load_address>
         <run_address>0x84db</run_address>
         <size>0x7</size>
         <input_file_ref idref="fl-12"/>
      </object_component>
      <object_component id="oc-e4">
         <name>.text:_PLL_setDivider</name>
         <load_address>0x84e2</load_address>
         <run_address>0x84e2</run_address>
         <size>0x7</size>
         <input_file_ref idref="fl-12"/>
      </object_component>
      <object_component id="oc-bd">
         <name>.text:_PWM_init</name>
         <load_address>0x84e9</load_address>
         <run_address>0x84e9</run_address>
         <size>0x7</size>
         <input_file_ref idref="fl-11"/>
      </object_component>
      <object_component id="oc-de">
         <name>.text:_PWM_setIntMode</name>
         <load_address>0x84f0</load_address>
         <run_address>0x84f0</run_address>
         <size>0x7</size>
         <input_file_ref idref="fl-11"/>
      </object_component>
      <object_component id="oc-e0">
         <name>.text:_PWM_setIntPeriod</name>
         <load_address>0x84f7</load_address>
         <run_address>0x84f7</run_address>
         <size>0x7</size>
         <input_file_ref idref="fl-11"/>
      </object_component>
      <object_component id="oc-bf">
         <name>.text:_TIMER_init</name>
         <load_address>0x84fe</load_address>
         <run_address>0x84fe</run_address>
         <size>0x7</size>
         <input_file_ref idref="fl-10"/>
      </object_component>
      <object_component id="oc-be">
         <name>.text:_WDOG_init</name>
         <load_address>0x8505</load_address>
         <run_address>0x8505</run_address>
         <size>0x7</size>
         <input_file_ref idref="fl-f"/>
      </object_component>
      <object_component id="oc-e5">
         <name>.text:_PLL_setMultiplier</name>
         <load_address>0x850c</load_address>
         <run_address>0x850c</run_address>
         <size>0x6</size>
         <input_file_ref idref="fl-12"/>
      </object_component>
      <object_component id="oc-fc">
         <name>.text:_ADCINT1_ISR</name>
         <load_address>0x8512</load_address>
         <run_address>0x8512</run_address>
         <size>0x5</size>
         <input_file_ref idref="fl-1a"/>
      </object_component>
      <object_component id="oc-fd">
         <name>.text:_ADCINT2_ISR</name>
         <load_address>0x8517</load_address>
         <run_address>0x8517</run_address>
         <size>0x5</size>
         <input_file_ref idref="fl-1a"/>
      </object_component>
      <object_component id="oc-113">
         <name>.text:_ADCINT3_ISR</name>
         <load_address>0x851c</load_address>
         <run_address>0x851c</run_address>
         <size>0x5</size>
         <input_file_ref idref="fl-1a"/>
      </object_component>
      <object_component id="oc-114">
         <name>.text:_ADCINT4_ISR</name>
         <load_address>0x8521</load_address>
         <run_address>0x8521</run_address>
         <size>0x5</size>
         <input_file_ref idref="fl-1a"/>
      </object_component>
      <object_component id="oc-115">
         <name>.text:_ADCINT5_ISR</name>
         <load_address>0x8526</load_address>
         <run_address>0x8526</run_address>
         <size>0x5</size>
         <input_file_ref idref="fl-1a"/>
      </object_component>
      <object_component id="oc-116">
         <name>.text:_ADCINT6_ISR</name>
         <load_address>0x852b</load_address>
         <run_address>0x852b</run_address>
         <size>0x5</size>
         <input_file_ref idref="fl-1a"/>
      </object_component>
      <object_component id="oc-117">
         <name>.text:_ADCINT7_ISR</name>
         <load_address>0x8530</load_address>
         <run_address>0x8530</run_address>
         <size>0x5</size>
         <input_file_ref idref="fl-1a"/>
      </object_component>
      <object_component id="oc-118">
         <name>.text:_ADCINT8_ISR</name>
         <load_address>0x8535</load_address>
         <run_address>0x8535</run_address>
         <size>0x5</size>
         <input_file_ref idref="fl-1a"/>
      </object_component>
      <object_component id="oc-101">
         <name>.text:_ADCINT9_ISR</name>
         <load_address>0x853a</load_address>
         <run_address>0x853a</run_address>
         <size>0x5</size>
         <input_file_ref idref="fl-1a"/>
      </object_component>
      <object_component id="oc-eb">
         <name>.text:_DATALOG_ISR</name>
         <load_address>0x853f</load_address>
         <run_address>0x853f</run_address>
         <size>0x5</size>
         <input_file_ref idref="fl-1a"/>
      </object_component>
      <object_component id="oc-10c">
         <name>.text:_ECAP1_INT_ISR</name>
         <load_address>0x8544</load_address>
         <run_address>0x8544</run_address>
         <size>0x5</size>
         <input_file_ref idref="fl-1a"/>
      </object_component>
      <object_component id="oc-ed">
         <name>.text:_EMUINT_ISR</name>
         <load_address>0x8549</load_address>
         <run_address>0x8549</run_address>
         <size>0x5</size>
         <input_file_ref idref="fl-1a"/>
      </object_component>
      <object_component id="oc-108">
         <name>.text:_EPWM1_INT_ISR</name>
         <load_address>0x854e</load_address>
         <run_address>0x854e</run_address>
         <size>0x5</size>
         <input_file_ref idref="fl-1a"/>
      </object_component>
      <object_component id="oc-104">
         <name>.text:_EPWM1_TZINT_ISR</name>
         <load_address>0x8553</load_address>
         <run_address>0x8553</run_address>
         <size>0x5</size>
         <input_file_ref idref="fl-1a"/>
      </object_component>
      <object_component id="oc-109">
         <name>.text:_EPWM2_INT_ISR</name>
         <load_address>0x8558</load_address>
         <run_address>0x8558</run_address>
         <size>0x5</size>
         <input_file_ref idref="fl-1a"/>
      </object_component>
      <object_component id="oc-105">
         <name>.text:_EPWM2_TZINT_ISR</name>
         <load_address>0x855d</load_address>
         <run_address>0x855d</run_address>
         <size>0x5</size>
         <input_file_ref idref="fl-1a"/>
      </object_component>
      <object_component id="oc-10a">
         <name>.text:_EPWM3_INT_ISR</name>
         <load_address>0x8562</load_address>
         <run_address>0x8562</run_address>
         <size>0x5</size>
         <input_file_ref idref="fl-1a"/>
      </object_component>
      <object_component id="oc-106">
         <name>.text:_EPWM3_TZINT_ISR</name>
         <load_address>0x8567</load_address>
         <run_address>0x8567</run_address>
         <size>0x5</size>
         <input_file_ref idref="fl-1a"/>
      </object_component>
      <object_component id="oc-10b">
         <name>.text:_EPWM4_INT_ISR</name>
         <load_address>0x856c</load_address>
         <run_address>0x856c</run_address>
         <size>0x5</size>
         <input_file_ref idref="fl-1a"/>
      </object_component>
      <object_component id="oc-107">
         <name>.text:_EPWM4_TZINT_ISR</name>
         <load_address>0x8571</load_address>
         <run_address>0x8571</run_address>
         <size>0x5</size>
         <input_file_ref idref="fl-1a"/>
      </object_component>
      <object_component id="oc-10f">
         <name>.text:_I2CINT1A_ISR</name>
         <load_address>0x8576</load_address>
         <run_address>0x8576</run_address>
         <size>0x5</size>
         <input_file_ref idref="fl-1a"/>
      </object_component>
      <object_component id="oc-110">
         <name>.text:_I2CINT2A_ISR</name>
         <load_address>0x857b</load_address>
         <run_address>0x857b</run_address>
         <size>0x5</size>
         <input_file_ref idref="fl-1a"/>
      </object_component>
      <object_component id="oc-ef">
         <name>.text:_ILLEGAL_ISR</name>
         <load_address>0x8580</load_address>
         <run_address>0x8580</run_address>
         <size>0x5</size>
         <input_file_ref idref="fl-1a"/>
      </object_component>
      <object_component id="oc-e9">
         <name>.text:_INT13_ISR</name>
         <load_address>0x8585</load_address>
         <run_address>0x8585</run_address>
         <size>0x5</size>
         <input_file_ref idref="fl-1a"/>
      </object_component>
      <object_component id="oc-ea">
         <name>.text:_INT14_ISR</name>
         <load_address>0x858a</load_address>
         <run_address>0x858a</run_address>
         <size>0x5</size>
         <input_file_ref idref="fl-1a"/>
      </object_component>
      <object_component id="oc-ee">
         <name>.text:_NMI_ISR</name>
         <load_address>0x858f</load_address>
         <run_address>0x858f</run_address>
         <size>0x5</size>
         <input_file_ref idref="fl-1a"/>
      </object_component>
      <object_component id="oc-e8">
         <name>.text:_PIE_RESERVED</name>
         <load_address>0x8594</load_address>
         <run_address>0x8594</run_address>
         <size>0x5</size>
         <input_file_ref idref="fl-1a"/>
      </object_component>
      <object_component id="oc-ec">
         <name>.text:_RTOSINT_ISR</name>
         <load_address>0x8599</load_address>
         <run_address>0x8599</run_address>
         <size>0x5</size>
         <input_file_ref idref="fl-1a"/>
      </object_component>
      <object_component id="oc-111">
         <name>.text:_SCIRXINTA_ISR</name>
         <load_address>0x859e</load_address>
         <run_address>0x859e</run_address>
         <size>0x5</size>
         <input_file_ref idref="fl-1a"/>
      </object_component>
      <object_component id="oc-112">
         <name>.text:_SCITXINTA_ISR</name>
         <load_address>0x85a3</load_address>
         <run_address>0x85a3</run_address>
         <size>0x5</size>
         <input_file_ref idref="fl-1a"/>
      </object_component>
      <object_component id="oc-10d">
         <name>.text:_SPIRXINTA_ISR</name>
         <load_address>0x85a8</load_address>
         <run_address>0x85a8</run_address>
         <size>0x5</size>
         <input_file_ref idref="fl-1a"/>
      </object_component>
      <object_component id="oc-10e">
         <name>.text:_SPITXINTA_ISR</name>
         <load_address>0x85ad</load_address>
         <run_address>0x85ad</run_address>
         <size>0x5</size>
         <input_file_ref idref="fl-1a"/>
      </object_component>
      <object_component id="oc-b1">
         <name>.text:_TIMER_clearFlag</name>
         <load_address>0x85b2</load_address>
         <run_address>0x85b2</run_address>
         <size>0x5</size>
         <input_file_ref idref="fl-10"/>
      </object_component>
      <object_component id="oc-102">
         <name>.text:_TINT0_ISR</name>
         <load_address>0x85b7</load_address>
         <run_address>0x85b7</run_address>
         <size>0x5</size>
         <input_file_ref idref="fl-1a"/>
      </object_component>
      <object_component id="oc-f9">
         <name>.text:_USER10_ISR</name>
         <load_address>0x85bc</load_address>
         <run_address>0x85bc</run_address>
         <size>0x5</size>
         <input_file_ref idref="fl-1a"/>
      </object_component>
      <object_component id="oc-fa">
         <name>.text:_USER11_ISR</name>
         <load_address>0x85c1</load_address>
         <run_address>0x85c1</run_address>
         <size>0x5</size>
         <input_file_ref idref="fl-1a"/>
      </object_component>
      <object_component id="oc-fb">
         <name>.text:_USER12_ISR</name>
         <load_address>0x85c6</load_address>
         <run_address>0x85c6</run_address>
         <size>0x5</size>
         <input_file_ref idref="fl-1a"/>
      </object_component>
      <object_component id="oc-f0">
         <name>.text:_USER1_ISR</name>
         <load_address>0x85cb</load_address>
         <run_address>0x85cb</run_address>
         <size>0x5</size>
         <input_file_ref idref="fl-1a"/>
      </object_component>
      <object_component id="oc-f1">
         <name>.text:_USER2_ISR</name>
         <load_address>0x85d0</load_address>
         <run_address>0x85d0</run_address>
         <size>0x5</size>
         <input_file_ref idref="fl-1a"/>
      </object_component>
      <object_component id="oc-f2">
         <name>.text:_USER3_ISR</name>
         <load_address>0x85d5</load_address>
         <run_address>0x85d5</run_address>
         <size>0x5</size>
         <input_file_ref idref="fl-1a"/>
      </object_component>
      <object_component id="oc-f3">
         <name>.text:_USER4_ISR</name>
         <load_address>0x85da</load_address>
         <run_address>0x85da</run_address>
         <size>0x5</size>
         <input_file_ref idref="fl-1a"/>
      </object_component>
      <object_component id="oc-f4">
         <name>.text:_USER5_ISR</name>
         <load_address>0x85df</load_address>
         <run_address>0x85df</run_address>
         <size>0x5</size>
         <input_file_ref idref="fl-1a"/>
      </object_component>
      <object_component id="oc-f5">
         <name>.text:_USER6_ISR</name>
         <load_address>0x85e4</load_address>
         <run_address>0x85e4</run_address>
         <size>0x5</size>
         <input_file_ref idref="fl-1a"/>
      </object_component>
      <object_component id="oc-f6">
         <name>.text:_USER7_ISR</name>
         <load_address>0x85e9</load_address>
         <run_address>0x85e9</run_address>
         <size>0x5</size>
         <input_file_ref idref="fl-1a"/>
      </object_component>
      <object_component id="oc-f7">
         <name>.text:_USER8_ISR</name>
         <load_address>0x85ee</load_address>
         <run_address>0x85ee</run_address>
         <size>0x5</size>
         <input_file_ref idref="fl-1a"/>
      </object_component>
      <object_component id="oc-f8">
         <name>.text:_USER9_ISR</name>
         <load_address>0x85f3</load_address>
         <run_address>0x85f3</run_address>
         <size>0x5</size>
         <input_file_ref idref="fl-1a"/>
      </object_component>
      <object_component id="oc-103">
         <name>.text:_WAKEINT_ISR</name>
         <load_address>0x85f8</load_address>
         <run_address>0x85f8</run_address>
         <size>0x5</size>
         <input_file_ref idref="fl-1a"/>
      </object_component>
      <object_component id="oc-ff">
         <name>.text:_XINT1_ISR</name>
         <load_address>0x85fd</load_address>
         <run_address>0x85fd</run_address>
         <size>0x5</size>
         <input_file_ref idref="fl-1a"/>
      </object_component>
      <object_component id="oc-100">
         <name>.text:_XINT2_ISR</name>
         <load_address>0x8602</load_address>
         <run_address>0x8602</run_address>
         <size>0x5</size>
         <input_file_ref idref="fl-1a"/>
      </object_component>
      <object_component id="oc-119">
         <name>.text:_XINT3_ISR</name>
         <load_address>0x8607</load_address>
         <run_address>0x8607</run_address>
         <size>0x5</size>
         <input_file_ref idref="fl-1a"/>
      </object_component>
      <object_component id="oc-fe">
         <name>.text:_rsvd_ISR</name>
         <load_address>0x860c</load_address>
         <run_address>0x860c</run_address>
         <size>0x5</size>
         <input_file_ref idref="fl-1a"/>
      </object_component>
      <object_component id="oc-b8">
         <name>.text:_CPU_init</name>
         <load_address>0x8611</load_address>
         <run_address>0x8611</run_address>
         <size>0x4</size>
         <input_file_ref idref="fl-16"/>
      </object_component>
      <object_component id="oc-df">
         <name>.text:_PWM_enableInt</name>
         <load_address>0x8615</load_address>
         <run_address>0x8615</run_address>
         <size>0x4</size>
         <input_file_ref idref="fl-11"/>
      </object_component>
      <object_component id="oc-dd">
         <name>.text:_PWM_setCounterMode</name>
         <load_address>0x8619</load_address>
         <run_address>0x8619</run_address>
         <size>0x4</size>
         <input_file_ref idref="fl-11"/>
      </object_component>
      <object_component id="oc-d9">
         <name>.text:_PWM_setSyncMode</name>
         <load_address>0x861d</load_address>
         <run_address>0x861d</run_address>
         <size>0x4</size>
         <input_file_ref idref="fl-11"/>
      </object_component>
      <object_component id="oc-c9">
         <name>.text:_CPU_clearIntFlags</name>
         <load_address>0x8621</load_address>
         <run_address>0x8621</run_address>
         <size>0x3</size>
         <input_file_ref idref="fl-16"/>
      </object_component>
      <object_component id="oc-c8">
         <name>.text:_CPU_disableGlobalInts</name>
         <load_address>0x8624</load_address>
         <run_address>0x8624</run_address>
         <size>0x3</size>
         <input_file_ref idref="fl-16"/>
      </object_component>
      <object_component id="oc-d1">
         <name>.text:_CPU_enableDebugInt</name>
         <load_address>0x8627</load_address>
         <run_address>0x8627</run_address>
         <size>0x3</size>
         <input_file_ref idref="fl-16"/>
      </object_component>
      <object_component id="oc-d0">
         <name>.text:_CPU_enableGlobalInts</name>
         <load_address>0x862a</load_address>
         <run_address>0x862a</run_address>
         <size>0x3</size>
         <input_file_ref idref="fl-16"/>
      </object_component>
      <object_component id="oc-c6">
         <name>.text:_PIE_disable</name>
         <load_address>0x862d</load_address>
         <run_address>0x862d</run_address>
         <size>0x3</size>
         <input_file_ref idref="fl-13"/>
      </object_component>
      <object_component id="oc-cb">
         <name>.text:_PIE_enable</name>
         <load_address>0x8630</load_address>
         <run_address>0x8630</run_address>
         <size>0x3</size>
         <input_file_ref idref="fl-13"/>
      </object_component>
      <object_component id="oc-cf">
         <name>.text:_PIE_enableTimer0Int</name>
         <load_address>0x8633</load_address>
         <run_address>0x8633</run_address>
         <size>0x3</size>
         <input_file_ref idref="fl-13"/>
      </object_component>
      <object_component id="oc-e3">
         <name>.text:_PLL_getClkStatus</name>
         <load_address>0x8636</load_address>
         <run_address>0x8636</run_address>
         <size>0x3</size>
         <input_file_ref idref="fl-12"/>
      </object_component>
      <object_component id="oc-e6">
         <name>.text:_PLL_getLockStatus</name>
         <load_address>0x8639</load_address>
         <run_address>0x8639</run_address>
         <size>0x3</size>
         <input_file_ref idref="fl-12"/>
      </object_component>
      <object_component id="oc-da">
         <name>.text:_PWM_enableCounterLoad</name>
         <load_address>0x863c</load_address>
         <run_address>0x863c</run_address>
         <size>0x3</size>
         <input_file_ref idref="fl-11"/>
      </object_component>
      <object_component id="oc-dc">
         <name>.text:_PWM_setPeriod</name>
         <load_address>0x863f</load_address>
         <run_address>0x863f</run_address>
         <size>0x2</size>
         <input_file_ref idref="fl-11"/>
      </object_component>
      <object_component id="oc-db">
         <name>.text:_PWM_setPhase</name>
         <load_address>0x8641</load_address>
         <run_address>0x8641</run_address>
         <size>0x2</size>
         <input_file_ref idref="fl-11"/>
      </object_component>
      <object_component id="oc-61">
         <name>.cinit</name>
         <load_address>0x50</load_address>
         <run_address>0x50</run_address>
         <size>0xc</size>
         <input_file_ref idref="fl-5"/>
      </object_component>
      <object_component id="oc-a6">
         <name>.cinit</name>
         <load_address>0x5c</load_address>
         <run_address>0x5c</run_address>
         <size>0xa</size>
         <input_file_ref idref="fl-1d"/>
      </object_component>
      <object_component id="oc-a0">
         <name>.cinit</name>
         <load_address>0x66</load_address>
         <run_address>0x66</run_address>
         <size>0xa</size>
         <input_file_ref idref="fl-1c"/>
      </object_component>
      <object_component id="oc-57">
         <name>.cinit</name>
         <load_address>0x70</load_address>
         <run_address>0x70</run_address>
         <size>0x4</size>
         <input_file_ref idref="fl-3"/>
      </object_component>
      <object_component id="oc-9b">
         <name>.reset</name>
         <load_address>0x3fffc0</load_address>
         <run_address>0x3fffc0</run_address>
         <size>0x2</size>
         <input_file_ref idref="fl-1b"/>
      </object_component>
      <object_component id="oc-9a">
         <name>.stack</name>
         <uninitialized>true</uninitialized>
         <run_address>0x400</run_address>
         <size>0x0</size>
         <input_file_ref idref="fl-1b"/>
      </object_component>
      <object_component id="oc-151">
         <name>.stack</name>
         <uninitialized>true</uninitialized>
         <run_address>0x400</run_address>
         <size>0x0</size>
      </object_component>
      <object_component id="oc-58">
         <name>.ebss</name>
         <uninitialized>true</uninitialized>
         <run_address>0x732</run_address>
         <size>0x4</size>
         <input_file_ref idref="fl-3"/>
      </object_component>
      <object_component id="oc-62">
         <name>.ebss</name>
         <uninitialized>true</uninitialized>
         <run_address>0x700</run_address>
         <size>0x2a</size>
         <input_file_ref idref="fl-5"/>
      </object_component>
      <object_component id="oc-84">
         <name>.ebss</name>
         <uninitialized>true</uninitialized>
         <run_address>0x736</run_address>
         <size>0x1</size>
         <input_file_ref idref="fl-16"/>
      </object_component>
      <object_component id="oc-a1">
         <name>.ebss</name>
         <uninitialized>true</uninitialized>
         <run_address>0x72e</run_address>
         <size>0x4</size>
         <input_file_ref idref="fl-1c"/>
      </object_component>
      <object_component id="oc-a7">
         <name>.ebss</name>
         <uninitialized>true</uninitialized>
         <run_address>0x72a</run_address>
         <size>0x4</size>
         <input_file_ref idref="fl-1d"/>
      </object_component>
      <object_component id="oc-e7">
         <name>.econst:_PIE_tableDebugInit</name>
         <load_address>0x600</load_address>
         <run_address>0x600</run_address>
         <size>0x100</size>
         <input_file_ref idref="fl-13"/>
      </object_component>
      <object_component id="oc-33">
         <name>.debug_info</name>
         <load_address>0x0</load_address>
         <run_address>0x0</run_address>
         <size>0xad15</size>
         <input_file_ref idref="fl-2"/>
      </object_component>
      <object_component id="oc-56">
         <name>.debug_info</name>
         <load_address>0xad15</load_address>
         <run_address>0xad15</run_address>
         <size>0xc5a</size>
         <input_file_ref idref="fl-3"/>
      </object_component>
      <object_component id="oc-5c">
         <name>.debug_info</name>
         <load_address>0xb96f</load_address>
         <run_address>0xb96f</run_address>
         <size>0x2c55</size>
         <input_file_ref idref="fl-4"/>
      </object_component>
      <object_component id="oc-60">
         <name>.debug_info</name>
         <load_address>0xe5c4</load_address>
         <run_address>0xe5c4</run_address>
         <size>0x629d</size>
         <input_file_ref idref="fl-5"/>
      </object_component>
      <object_component id="oc-67">
         <name>.debug_info</name>
         <load_address>0x14861</load_address>
         <run_address>0x14861</run_address>
         <size>0x7d3</size>
         <input_file_ref idref="fl-f"/>
      </object_component>
      <object_component id="oc-6b">
         <name>.debug_info</name>
         <load_address>0x15034</load_address>
         <run_address>0x15034</run_address>
         <size>0x708</size>
         <input_file_ref idref="fl-10"/>
      </object_component>
      <object_component id="oc-6f">
         <name>.debug_info</name>
         <load_address>0x1573c</load_address>
         <run_address>0x1573c</run_address>
         <size>0x2df6</size>
         <input_file_ref idref="fl-11"/>
      </object_component>
      <object_component id="oc-73">
         <name>.debug_info</name>
         <load_address>0x18532</load_address>
         <run_address>0x18532</run_address>
         <size>0xe73</size>
         <input_file_ref idref="fl-12"/>
      </object_component>
      <object_component id="oc-77">
         <name>.debug_info</name>
         <load_address>0x193a5</load_address>
         <run_address>0x193a5</run_address>
         <size>0x3003</size>
         <input_file_ref idref="fl-13"/>
      </object_component>
      <object_component id="oc-7b">
         <name>.debug_info</name>
         <load_address>0x1c3a8</load_address>
         <run_address>0x1c3a8</run_address>
         <size>0x1d88</size>
         <input_file_ref idref="fl-14"/>
      </object_component>
      <object_component id="oc-7f">
         <name>.debug_info</name>
         <load_address>0x1e130</load_address>
         <run_address>0x1e130</run_address>
         <size>0xc9a</size>
         <input_file_ref idref="fl-15"/>
      </object_component>
      <object_component id="oc-83">
         <name>.debug_info</name>
         <load_address>0x1edca</load_address>
         <run_address>0x1edca</run_address>
         <size>0xae3</size>
         <input_file_ref idref="fl-16"/>
      </object_component>
      <object_component id="oc-88">
         <name>.debug_info</name>
         <load_address>0x1f8ad</load_address>
         <run_address>0x1f8ad</run_address>
         <size>0x1252</size>
         <input_file_ref idref="fl-17"/>
      </object_component>
      <object_component id="oc-8c">
         <name>.debug_info</name>
         <load_address>0x20aff</load_address>
         <run_address>0x20aff</run_address>
         <size>0x1c7f</size>
         <input_file_ref idref="fl-18"/>
      </object_component>
      <object_component id="oc-92">
         <name>.debug_info</name>
         <load_address>0x2277e</load_address>
         <run_address>0x2277e</run_address>
         <size>0x304</size>
         <input_file_ref idref="fl-19"/>
      </object_component>
      <object_component id="oc-95">
         <name>.debug_info</name>
         <load_address>0x22a82</load_address>
         <run_address>0x22a82</run_address>
         <size>0x53bc</size>
         <input_file_ref idref="fl-1a"/>
      </object_component>
      <object_component id="oc-9c">
         <name>.debug_info</name>
         <load_address>0x27e3e</load_address>
         <run_address>0x27e3e</run_address>
         <size>0xde</size>
         <input_file_ref idref="fl-1b"/>
      </object_component>
      <object_component id="oc-9f">
         <name>.debug_info</name>
         <load_address>0x27f1c</load_address>
         <run_address>0x27f1c</run_address>
         <size>0x3d6</size>
         <input_file_ref idref="fl-1c"/>
      </object_component>
      <object_component id="oc-a5">
         <name>.debug_info</name>
         <load_address>0x282f2</load_address>
         <run_address>0x282f2</run_address>
         <size>0x3fc</size>
         <input_file_ref idref="fl-1d"/>
      </object_component>
      <object_component id="oc-ab">
         <name>.debug_info</name>
         <load_address>0x286ee</load_address>
         <run_address>0x286ee</run_address>
         <size>0x3bd</size>
         <input_file_ref idref="fl-1e"/>
      </object_component>
      <object_component id="oc-155">
         <name>.debug_info</name>
         <load_address>0x28aab</load_address>
         <run_address>0x28aab</run_address>
         <size>0x6f</size>
      </object_component>
      <object_component id="oc-55">
         <name>.debug_abbrev</name>
         <load_address>0x0</load_address>
         <run_address>0x0</run_address>
         <size>0xb3</size>
         <input_file_ref idref="fl-2"/>
      </object_component>
      <object_component id="oc-5b">
         <name>.debug_abbrev</name>
         <load_address>0xb3</load_address>
         <run_address>0xb3</run_address>
         <size>0x146</size>
         <input_file_ref idref="fl-3"/>
      </object_component>
      <object_component id="oc-5f">
         <name>.debug_abbrev</name>
         <load_address>0x1f9</load_address>
         <run_address>0x1f9</run_address>
         <size>0x199</size>
         <input_file_ref idref="fl-4"/>
      </object_component>
      <object_component id="oc-66">
         <name>.debug_abbrev</name>
         <load_address>0x392</load_address>
         <run_address>0x392</run_address>
         <size>0x26c</size>
         <input_file_ref idref="fl-5"/>
      </object_component>
      <object_component id="oc-6a">
         <name>.debug_abbrev</name>
         <load_address>0x5fe</load_address>
         <run_address>0x5fe</run_address>
         <size>0x113</size>
         <input_file_ref idref="fl-f"/>
      </object_component>
      <object_component id="oc-6e">
         <name>.debug_abbrev</name>
         <load_address>0x711</load_address>
         <run_address>0x711</run_address>
         <size>0x113</size>
         <input_file_ref idref="fl-10"/>
      </object_component>
      <object_component id="oc-72">
         <name>.debug_abbrev</name>
         <load_address>0x824</load_address>
         <run_address>0x824</run_address>
         <size>0x168</size>
         <input_file_ref idref="fl-11"/>
      </object_component>
      <object_component id="oc-76">
         <name>.debug_abbrev</name>
         <load_address>0x98c</load_address>
         <run_address>0x98c</run_address>
         <size>0x191</size>
         <input_file_ref idref="fl-12"/>
      </object_component>
      <object_component id="oc-7a">
         <name>.debug_abbrev</name>
         <load_address>0xb1d</load_address>
         <run_address>0xb1d</run_address>
         <size>0x1f6</size>
         <input_file_ref idref="fl-13"/>
      </object_component>
      <object_component id="oc-7e">
         <name>.debug_abbrev</name>
         <load_address>0xd13</load_address>
         <run_address>0xd13</run_address>
         <size>0x15d</size>
         <input_file_ref idref="fl-14"/>
      </object_component>
      <object_component id="oc-82">
         <name>.debug_abbrev</name>
         <load_address>0xe70</load_address>
         <run_address>0xe70</run_address>
         <size>0x162</size>
         <input_file_ref idref="fl-15"/>
      </object_component>
      <object_component id="oc-87">
         <name>.debug_abbrev</name>
         <load_address>0xfd2</load_address>
         <run_address>0xfd2</run_address>
         <size>0x113</size>
         <input_file_ref idref="fl-16"/>
      </object_component>
      <object_component id="oc-8b">
         <name>.debug_abbrev</name>
         <load_address>0x10e5</load_address>
         <run_address>0x10e5</run_address>
         <size>0x166</size>
         <input_file_ref idref="fl-17"/>
      </object_component>
      <object_component id="oc-8f">
         <name>.debug_abbrev</name>
         <load_address>0x124b</load_address>
         <run_address>0x124b</run_address>
         <size>0x181</size>
         <input_file_ref idref="fl-18"/>
      </object_component>
      <object_component id="oc-94">
         <name>.debug_abbrev</name>
         <load_address>0x13cc</load_address>
         <run_address>0x13cc</run_address>
         <size>0x3b</size>
         <input_file_ref idref="fl-19"/>
      </object_component>
      <object_component id="oc-98">
         <name>.debug_abbrev</name>
         <load_address>0x1407</load_address>
         <run_address>0x1407</run_address>
         <size>0xdc</size>
         <input_file_ref idref="fl-1a"/>
      </object_component>
      <object_component id="oc-9e">
         <name>.debug_abbrev</name>
         <load_address>0x14e3</load_address>
         <run_address>0x14e3</run_address>
         <size>0x43</size>
         <input_file_ref idref="fl-1b"/>
      </object_component>
      <object_component id="oc-a4">
         <name>.debug_abbrev</name>
         <load_address>0x1526</load_address>
         <run_address>0x1526</run_address>
         <size>0x10c</size>
         <input_file_ref idref="fl-1c"/>
      </object_component>
      <object_component id="oc-aa">
         <name>.debug_abbrev</name>
         <load_address>0x1632</load_address>
         <run_address>0x1632</run_address>
         <size>0xa9</size>
         <input_file_ref idref="fl-1d"/>
      </object_component>
      <object_component id="oc-ae">
         <name>.debug_abbrev</name>
         <load_address>0x16db</load_address>
         <run_address>0x16db</run_address>
         <size>0xed</size>
         <input_file_ref idref="fl-1e"/>
      </object_component>
      <object_component id="oc-156">
         <name>.debug_abbrev</name>
         <load_address>0x17c8</load_address>
         <run_address>0x17c8</run_address>
         <size>0xd</size>
      </object_component>
      <object_component id="oc-59">
         <name>.debug_frame</name>
         <load_address>0x0</load_address>
         <run_address>0x0</run_address>
         <size>0x172</size>
         <input_file_ref idref="fl-3"/>
      </object_component>
      <object_component id="oc-5d">
         <name>.debug_frame</name>
         <load_address>0x172</load_address>
         <run_address>0x172</run_address>
         <size>0x6b8</size>
         <input_file_ref idref="fl-4"/>
      </object_component>
      <object_component id="oc-64">
         <name>.debug_frame</name>
         <load_address>0x82a</load_address>
         <run_address>0x82a</run_address>
         <size>0x35e</size>
         <input_file_ref idref="fl-5"/>
      </object_component>
      <object_component id="oc-68">
         <name>.debug_frame</name>
         <load_address>0xb88</load_address>
         <run_address>0xb88</run_address>
         <size>0x94</size>
         <input_file_ref idref="fl-f"/>
      </object_component>
      <object_component id="oc-6c">
         <name>.debug_frame</name>
         <load_address>0xc1c</load_address>
         <run_address>0xc1c</run_address>
         <size>0x94</size>
         <input_file_ref idref="fl-10"/>
      </object_component>
      <object_component id="oc-70">
         <name>.debug_frame</name>
         <load_address>0xcb0</load_address>
         <run_address>0xcb0</run_address>
         <size>0x13c</size>
         <input_file_ref idref="fl-11"/>
      </object_component>
      <object_component id="oc-74">
         <name>.debug_frame</name>
         <load_address>0xdec</load_address>
         <run_address>0xdec</run_address>
         <size>0xf4</size>
         <input_file_ref idref="fl-12"/>
      </object_component>
      <object_component id="oc-78">
         <name>.debug_frame</name>
         <load_address>0xee0</load_address>
         <run_address>0xee0</run_address>
         <size>0x13c</size>
         <input_file_ref idref="fl-13"/>
      </object_component>
      <object_component id="oc-7c">
         <name>.debug_frame</name>
         <load_address>0x101c</load_address>
         <run_address>0x101c</run_address>
         <size>0xf4</size>
         <input_file_ref idref="fl-14"/>
      </object_component>
      <object_component id="oc-80">
         <name>.debug_frame</name>
         <load_address>0x1110</load_address>
         <run_address>0x1110</run_address>
         <size>0x7c</size>
         <input_file_ref idref="fl-15"/>
      </object_component>
      <object_component id="oc-85">
         <name>.debug_frame</name>
         <load_address>0x118c</load_address>
         <run_address>0x118c</run_address>
         <size>0xf4</size>
         <input_file_ref idref="fl-16"/>
      </object_component>
      <object_component id="oc-89">
         <name>.debug_frame</name>
         <load_address>0x1280</load_address>
         <run_address>0x1280</run_address>
         <size>0x124</size>
         <input_file_ref idref="fl-17"/>
      </object_component>
      <object_component id="oc-8d">
         <name>.debug_frame</name>
         <load_address>0x13a4</load_address>
         <run_address>0x13a4</run_address>
         <size>0x7c</size>
         <input_file_ref idref="fl-18"/>
      </object_component>
      <object_component id="oc-96">
         <name>.debug_frame</name>
         <load_address>0x1420</load_address>
         <run_address>0x1420</run_address>
         <size>0x546</size>
         <input_file_ref idref="fl-1a"/>
      </object_component>
      <object_component id="oc-a2">
         <name>.debug_frame</name>
         <load_address>0x1966</load_address>
         <run_address>0x1966</run_address>
         <size>0x9d</size>
         <input_file_ref idref="fl-1c"/>
      </object_component>
      <object_component id="oc-a8">
         <name>.debug_frame</name>
         <load_address>0x1a03</load_address>
         <run_address>0x1a03</run_address>
         <size>0xac</size>
         <input_file_ref idref="fl-1d"/>
      </object_component>
      <object_component id="oc-ac">
         <name>.debug_frame</name>
         <load_address>0x1aaf</load_address>
         <run_address>0x1aaf</run_address>
         <size>0x7c</size>
         <input_file_ref idref="fl-1e"/>
      </object_component>
      <object_component id="oc-5a">
         <name>.debug_line</name>
         <load_address>0x0</load_address>
         <run_address>0x0</run_address>
         <size>0x161</size>
         <input_file_ref idref="fl-3"/>
      </object_component>
      <object_component id="oc-5e">
         <name>.debug_line</name>
         <load_address>0x161</load_address>
         <run_address>0x161</run_address>
         <size>0x6e3</size>
         <input_file_ref idref="fl-4"/>
      </object_component>
      <object_component id="oc-65">
         <name>.debug_line</name>
         <load_address>0x844</load_address>
         <run_address>0x844</run_address>
         <size>0x376</size>
         <input_file_ref idref="fl-5"/>
      </object_component>
      <object_component id="oc-69">
         <name>.debug_line</name>
         <load_address>0xbba</load_address>
         <run_address>0xbba</run_address>
         <size>0xaa</size>
         <input_file_ref idref="fl-f"/>
      </object_component>
      <object_component id="oc-6d">
         <name>.debug_line</name>
         <load_address>0xc64</load_address>
         <run_address>0xc64</run_address>
         <size>0xa6</size>
         <input_file_ref idref="fl-10"/>
      </object_component>
      <object_component id="oc-71">
         <name>.debug_line</name>
         <load_address>0xd0a</load_address>
         <run_address>0xd0a</run_address>
         <size>0x16d</size>
         <input_file_ref idref="fl-11"/>
      </object_component>
      <object_component id="oc-75">
         <name>.debug_line</name>
         <load_address>0xe77</load_address>
         <run_address>0xe77</run_address>
         <size>0x12a</size>
         <input_file_ref idref="fl-12"/>
      </object_component>
      <object_component id="oc-79">
         <name>.debug_line</name>
         <load_address>0xfa1</load_address>
         <run_address>0xfa1</run_address>
         <size>0x186</size>
         <input_file_ref idref="fl-13"/>
      </object_component>
      <object_component id="oc-7d">
         <name>.debug_line</name>
         <load_address>0x1127</load_address>
         <run_address>0x1127</run_address>
         <size>0x196</size>
         <input_file_ref idref="fl-14"/>
      </object_component>
      <object_component id="oc-81">
         <name>.debug_line</name>
         <load_address>0x12bd</load_address>
         <run_address>0x12bd</run_address>
         <size>0x8b</size>
         <input_file_ref idref="fl-15"/>
      </object_component>
      <object_component id="oc-86">
         <name>.debug_line</name>
         <load_address>0x1348</load_address>
         <run_address>0x1348</run_address>
         <size>0x102</size>
         <input_file_ref idref="fl-16"/>
      </object_component>
      <object_component id="oc-8a">
         <name>.debug_line</name>
         <load_address>0x144a</load_address>
         <run_address>0x144a</run_address>
         <size>0x15d</size>
         <input_file_ref idref="fl-17"/>
      </object_component>
      <object_component id="oc-8e">
         <name>.debug_line</name>
         <load_address>0x15a7</load_address>
         <run_address>0x15a7</run_address>
         <size>0x89</size>
         <input_file_ref idref="fl-18"/>
      </object_component>
      <object_component id="oc-93">
         <name>.debug_line</name>
         <load_address>0x1630</load_address>
         <run_address>0x1630</run_address>
         <size>0xca</size>
         <input_file_ref idref="fl-19"/>
      </object_component>
      <object_component id="oc-97">
         <name>.debug_line</name>
         <load_address>0x16fa</load_address>
         <run_address>0x16fa</run_address>
         <size>0x4ee</size>
         <input_file_ref idref="fl-1a"/>
      </object_component>
      <object_component id="oc-9d">
         <name>.debug_line</name>
         <load_address>0x1be8</load_address>
         <run_address>0x1be8</run_address>
         <size>0x70</size>
         <input_file_ref idref="fl-1b"/>
      </object_component>
      <object_component id="oc-a3">
         <name>.debug_line</name>
         <load_address>0x1c58</load_address>
         <run_address>0x1c58</run_address>
         <size>0x5a</size>
         <input_file_ref idref="fl-1c"/>
      </object_component>
      <object_component id="oc-a9">
         <name>.debug_line</name>
         <load_address>0x1cb2</load_address>
         <run_address>0x1cb2</run_address>
         <size>0x5b</size>
         <input_file_ref idref="fl-1d"/>
      </object_component>
      <object_component id="oc-ad">
         <name>.debug_line</name>
         <load_address>0x1d0d</load_address>
         <run_address>0x1d0d</run_address>
         <size>0x56</size>
         <input_file_ref idref="fl-1e"/>
      </object_component>
   </object_component_list>
   <logical_group_list>
      <logical_group id="lg-3" display="no" color="cyan">
         <name>PieVectTableFile</name>
         <run_address>0xd00</run_address>
         <size>0x100</size>
         <contents>
            <object_component_ref idref="oc-54"/>
         </contents>
      </logical_group>
      <logical_group id="lg-5" display="no" color="cyan">
         <name>EmuKeyVar</name>
         <run_address>0xd00</run_address>
         <size>0x1</size>
         <contents>
            <object_component_ref idref="oc-34"/>
         </contents>
      </logical_group>
      <logical_group id="lg-6" display="no" color="cyan">
         <name>EmuBModeVar</name>
         <run_address>0xd01</run_address>
         <size>0x1</size>
         <contents>
            <object_component_ref idref="oc-36"/>
         </contents>
      </logical_group>
      <logical_group id="lg-7" display="no" color="cyan">
         <name>FlashCallbackVar</name>
         <run_address>0xd02</run_address>
         <size>0x2</size>
         <contents>
            <object_component_ref idref="oc-38"/>
         </contents>
      </logical_group>
      <logical_group id="lg-8" display="no" color="cyan">
         <name>FlashScalingVar</name>
         <run_address>0xd04</run_address>
         <size>0x2</size>
         <contents>
            <object_component_ref idref="oc-37"/>
         </contents>
      </logical_group>
      <logical_group id="lg-4" display="no" color="cyan">
         <name>GROUP_2</name>
         <run_address>0xd00</run_address>
         <size>0x6</size>
         <contents>
            <logical_group_ref idref="lg-5"/>
            <logical_group_ref idref="lg-6"/>
            <logical_group_ref idref="lg-7"/>
            <logical_group_ref idref="lg-8"/>
         </contents>
      </logical_group>
      <overlay id="lg-2" display="no" color="cyan">
         <name>UNION_1</name>
         <run_address>0xd00</run_address>
         <size>0x100</size>
         <contents>
            <logical_group_ref idref="lg-3"/>
            <logical_group_ref idref="lg-4"/>
         </contents>
      </overlay>
      <logical_group id="lg-9" display="no" color="cyan">
         <name>DevEmuRegsFile</name>
         <run_address>0x880</run_address>
         <size>0x4</size>
         <contents>
            <object_component_ref idref="oc-3a"/>
         </contents>
      </logical_group>
      <logical_group id="lg-a" display="no" color="cyan">
         <name>SysPwrCtrlRegsFile</name>
         <run_address>0x985</run_address>
         <size>0x3</size>
         <contents>
            <object_component_ref idref="oc-39"/>
         </contents>
      </logical_group>
      <logical_group id="lg-b" display="no" color="cyan">
         <name>FlashRegsFile</name>
         <run_address>0xa80</run_address>
         <size>0x8</size>
         <contents>
            <object_component_ref idref="oc-3b"/>
         </contents>
      </logical_group>
      <logical_group id="lg-c" display="no" color="cyan">
         <name>CsmRegsFile</name>
         <run_address>0xae0</run_address>
         <size>0x10</size>
         <contents>
            <object_component_ref idref="oc-44"/>
         </contents>
      </logical_group>
      <logical_group id="lg-d" display="no" color="cyan">
         <name>AdcResultFile</name>
         <run_address>0xb00</run_address>
         <size>0x20</size>
         <contents>
            <object_component_ref idref="oc-4c"/>
         </contents>
      </logical_group>
      <logical_group id="lg-e" display="no" color="cyan">
         <name>CpuTimer0RegsFile</name>
         <run_address>0xc00</run_address>
         <size>0x8</size>
         <contents>
            <object_component_ref idref="oc-3c"/>
         </contents>
      </logical_group>
      <logical_group id="lg-f" display="no" color="cyan">
         <name>CpuTimer1RegsFile</name>
         <run_address>0xc08</run_address>
         <size>0x8</size>
         <contents>
            <object_component_ref idref="oc-3d"/>
         </contents>
      </logical_group>
      <logical_group id="lg-10" display="no" color="cyan">
         <name>CpuTimer2RegsFile</name>
         <run_address>0xc10</run_address>
         <size>0x8</size>
         <contents>
            <object_component_ref idref="oc-3e"/>
         </contents>
      </logical_group>
      <logical_group id="lg-11" display="no" color="cyan">
         <name>PieCtrlRegsFile</name>
         <run_address>0xce0</run_address>
         <size>0x1a</size>
         <contents>
            <object_component_ref idref="oc-48"/>
         </contents>
      </logical_group>
      <logical_group id="lg-12" display="no" color="cyan">
         <name>ECap1RegsFile</name>
         <run_address>0x6a00</run_address>
         <size>0x20</size>
         <contents>
            <object_component_ref idref="oc-4b"/>
         </contents>
      </logical_group>
      <logical_group id="lg-13" display="no" color="cyan">
         <name>GpioCtrlRegsFile</name>
         <run_address>0x6f80</run_address>
         <size>0x40</size>
         <contents>
            <object_component_ref idref="oc-52"/>
         </contents>
      </logical_group>
      <logical_group id="lg-14" display="no" color="cyan">
         <name>GpioDataRegsFile</name>
         <run_address>0x6fc0</run_address>
         <size>0x20</size>
         <contents>
            <object_component_ref idref="oc-4a"/>
         </contents>
      </logical_group>
      <logical_group id="lg-15" display="no" color="cyan">
         <name>GpioIntRegsFile</name>
         <run_address>0x6fe0</run_address>
         <size>0xa</size>
         <contents>
            <object_component_ref idref="oc-40"/>
         </contents>
      </logical_group>
      <logical_group id="lg-16" display="no" color="cyan">
         <name>SysCtrlRegsFile</name>
         <run_address>0x7010</run_address>
         <size>0x1f</size>
         <contents>
            <object_component_ref idref="oc-49"/>
         </contents>
      </logical_group>
      <logical_group id="lg-17" display="no" color="cyan">
         <name>SpiaRegsFile</name>
         <run_address>0x7040</run_address>
         <size>0x10</size>
         <contents>
            <object_component_ref idref="oc-41"/>
         </contents>
      </logical_group>
      <logical_group id="lg-18" display="no" color="cyan">
         <name>SciaRegsFile</name>
         <run_address>0x7050</run_address>
         <size>0x10</size>
         <contents>
            <object_component_ref idref="oc-42"/>
         </contents>
      </logical_group>
      <logical_group id="lg-19" display="no" color="cyan">
         <name>NmiIntruptRegsFile</name>
         <run_address>0x7060</run_address>
         <size>0x10</size>
         <contents>
            <object_component_ref idref="oc-43"/>
         </contents>
      </logical_group>
      <logical_group id="lg-1a" display="no" color="cyan">
         <name>XIntruptRegsFile</name>
         <run_address>0x7070</run_address>
         <size>0x10</size>
         <contents>
            <object_component_ref idref="oc-45"/>
         </contents>
      </logical_group>
      <logical_group id="lg-1b" display="no" color="cyan">
         <name>AdcRegsFile</name>
         <run_address>0x7100</run_address>
         <size>0x51</size>
         <contents>
            <object_component_ref idref="oc-53"/>
         </contents>
      </logical_group>
      <logical_group id="lg-1c" display="no" color="cyan">
         <name>I2caRegsFile</name>
         <run_address>0x7900</run_address>
         <size>0x22</size>
         <contents>
            <object_component_ref idref="oc-4d"/>
         </contents>
      </logical_group>
      <logical_group id="lg-1d" display="no" color="cyan">
         <name>Comp1RegsFile</name>
         <run_address>0x6400</run_address>
         <size>0x11</size>
         <contents>
            <object_component_ref idref="oc-47"/>
         </contents>
      </logical_group>
      <logical_group id="lg-1e" display="no" color="cyan">
         <name>Comp2RegsFile</name>
         <run_address>0x6420</run_address>
         <size>0x11</size>
         <contents>
            <object_component_ref idref="oc-46"/>
         </contents>
      </logical_group>
      <logical_group id="lg-1f" display="no" color="cyan">
         <name>EPwm1RegsFile</name>
         <run_address>0x6800</run_address>
         <size>0x40</size>
         <contents>
            <object_component_ref idref="oc-51"/>
         </contents>
      </logical_group>
      <logical_group id="lg-20" display="no" color="cyan">
         <name>EPwm2RegsFile</name>
         <run_address>0x6840</run_address>
         <size>0x40</size>
         <contents>
            <object_component_ref idref="oc-4f"/>
         </contents>
      </logical_group>
      <logical_group id="lg-21" display="no" color="cyan">
         <name>EPwm3RegsFile</name>
         <run_address>0x6880</run_address>
         <size>0x40</size>
         <contents>
            <object_component_ref idref="oc-4e"/>
         </contents>
      </logical_group>
      <logical_group id="lg-22" display="no" color="cyan">
         <name>EPwm4RegsFile</name>
         <run_address>0x68c0</run_address>
         <size>0x40</size>
         <contents>
            <object_component_ref idref="oc-50"/>
         </contents>
      </logical_group>
      <logical_group id="lg-23" display="no" color="cyan">
         <name>CsmPwlFile</name>
         <run_address>0x3f7ff8</run_address>
         <size>0x8</size>
         <contents>
            <object_component_ref idref="oc-3f"/>
         </contents>
      </logical_group>
      <logical_group id="lg-24" display="no" color="cyan">
         <name>PartIdRegsFile</name>
         <run_address>0x3d7fff</run_address>
         <size>0x1</size>
         <contents>
            <object_component_ref idref="oc-35"/>
         </contents>
      </logical_group>
      <logical_group id="lg-25" display="no" color="cyan">
         <name>codestart</name>
         <load_address>0x0</load_address>
         <run_address>0x0</run_address>
         <size>0x2</size>
         <contents>
            <object_component_ref idref="oc-32"/>
         </contents>
      </logical_group>
      <logical_group id="lg-152" display="no" color="cyan">
         <name>ramfuncs</name>
         <load_address>0x8643</load_address>
         <run_address>0x8643</run_address>
         <size>0x4</size>
         <contents>
            <object_component_ref idref="oc-91"/>
         </contents>
      </logical_group>
      <split_section id="lg-26" display="no" color="cyan">
         <name>ramfuncs</name>
         <contents>
            <logical_group_ref idref="lg-152"/>
         </contents>
      </split_section>
      <logical_group id="lg-153" display="no" color="cyan">
         <name>.text.1</name>
         <load_address>0x76</load_address>
         <run_address>0x76</run_address>
         <size>0x38a</size>
         <contents>
            <object_component_ref idref="oc-b3"/>
            <object_component_ref idref="oc-63"/>
            <object_component_ref idref="oc-d5"/>
            <object_component_ref idref="oc-cd"/>
         </contents>
      </logical_group>
      <logical_group id="lg-154" display="no" color="cyan">
         <name>.text.2</name>
         <load_address>0x8000</load_address>
         <run_address>0x8000</run_address>
         <size>0x643</size>
         <contents>
            <object_component_ref idref="oc-af"/>
            <object_component_ref idref="oc-b2"/>
            <object_component_ref idref="oc-99"/>
            <object_component_ref idref="oc-d2"/>
            <object_component_ref idref="oc-d3"/>
            <object_component_ref idref="oc-d4"/>
            <object_component_ref idref="oc-b4"/>
            <object_component_ref idref="oc-b5"/>
            <object_component_ref idref="oc-c5"/>
            <object_component_ref idref="oc-90"/>
            <object_component_ref idref="oc-b0"/>
            <object_component_ref idref="oc-c7"/>
            <object_component_ref idref="oc-cc"/>
            <object_component_ref idref="oc-ca"/>
            <object_component_ref idref="oc-ce"/>
            <object_component_ref idref="oc-d6"/>
            <object_component_ref idref="oc-d8"/>
            <object_component_ref idref="oc-e2"/>
            <object_component_ref idref="oc-b6"/>
            <object_component_ref idref="oc-c0"/>
            <object_component_ref idref="oc-bb"/>
            <object_component_ref idref="oc-c1"/>
            <object_component_ref idref="oc-c3"/>
            <object_component_ref idref="oc-d7"/>
            <object_component_ref idref="oc-c2"/>
            <object_component_ref idref="oc-e1"/>
            <object_component_ref idref="oc-b7"/>
            <object_component_ref idref="oc-c4"/>
            <object_component_ref idref="oc-b9"/>
            <object_component_ref idref="oc-ba"/>
            <object_component_ref idref="oc-bc"/>
            <object_component_ref idref="oc-e4"/>
            <object_component_ref idref="oc-bd"/>
            <object_component_ref idref="oc-de"/>
            <object_component_ref idref="oc-e0"/>
            <object_component_ref idref="oc-bf"/>
            <object_component_ref idref="oc-be"/>
            <object_component_ref idref="oc-e5"/>
            <object_component_ref idref="oc-fc"/>
            <object_component_ref idref="oc-fd"/>
            <object_component_ref idref="oc-113"/>
            <object_component_ref idref="oc-114"/>
            <object_component_ref idref="oc-115"/>
            <object_component_ref idref="oc-116"/>
            <object_component_ref idref="oc-117"/>
[...]
         <name>_myTimer</name>
         <value>0x71a</value>
         <object_component_ref idref="oc-62"/>
      </symbol>
      <symbol id="sm-19a">
         <name>_wrapper_Main</name>
         <value>0x803f</value>
         <object_component_ref idref="oc-af"/>
      </symbol>
      <symbol id="sm-1a7">
         <name>_WDOG_init</name>
         <value>0x8505</value>
         <object_component_ref idref="oc-be"/>
      </symbol>
      <symbol id="sm-1a8">
         <name>_WDOG_disable</name>
         <value>0x849b</value>
         <object_component_ref idref="oc-c1"/>
      </symbol>
      <symbol id="sm-1b5">
         <name>_TIMER_init</name>
         <value>0x84fe</value>
         <object_component_ref idref="oc-bf"/>
      </symbol>
      <symbol id="sm-1b6">
         <name>_TIMER_clearFlag</name>
         <value>0x85b2</value>
         <object_component_ref idref="oc-b1"/>
      </symbol>
      <symbol id="sm-1d1">
         <name>_PWM_setPeriod</name>
         <value>0x863f</value>
         <object_component_ref idref="oc-dc"/>
      </symbol>
      <symbol id="sm-1d2">
         <name>_PWM_init</name>
         <value>0x84e9</value>
         <object_component_ref idref="oc-bd"/>
      </symbol>
      <symbol id="sm-1d3">
         <name>_PWM_setPhase</name>
         <value>0x8641</value>
         <object_component_ref idref="oc-db"/>
      </symbol>
      <symbol id="sm-1d4">
         <name>_PWM_setIntMode</name>
         <value>0x84f0</value>
         <object_component_ref idref="oc-de"/>
      </symbol>
      <symbol id="sm-1d5">
         <name>_PWM_enableCounterLoad</name>
         <value>0x863c</value>
         <object_component_ref idref="oc-da"/>
      </symbol>
      <symbol id="sm-1d6">
         <name>_PWM_setSyncMode</name>
         <value>0x861d</value>
         <object_component_ref idref="oc-d9"/>
      </symbol>
      <symbol id="sm-1d7">
         <name>_PWM_setIntPeriod</name>
         <value>0x84f7</value>
         <object_component_ref idref="oc-e0"/>
      </symbol>
      <symbol id="sm-1d8">
         <name>_PWM_enableInt</name>
         <value>0x8615</value>
         <object_component_ref idref="oc-df"/>
      </symbol>
      <symbol id="sm-1d9">
         <name>_PWM_setCounterMode</name>
         <value>0x8619</value>
         <object_component_ref idref="oc-dd"/>
      </symbol>
      <symbol id="sm-1f2">
         <name>_PLL_getClkStatus</name>
         <value>0x8636</value>
         <object_component_ref idref="oc-e3"/>
      </symbol>
      <symbol id="sm-1f3">
         <name>_PLL_setDivider</name>
         <value>0x84e2</value>
         <object_component_ref idref="oc-e4"/>
      </symbol>
      <symbol id="sm-1f4">
         <name>_PLL_init</name>
         <value>0x84db</value>
         <object_component_ref idref="oc-bc"/>
      </symbol>
      <symbol id="sm-1f5">
         <name>_PLL_getLockStatus</name>
         <value>0x8639</value>
         <object_component_ref idref="oc-e6"/>
      </symbol>
      <symbol id="sm-1f6">
         <name>_PLL_setup</name>
         <value>0x83f6</value>
         <object_component_ref idref="oc-c5"/>
      </symbol>
      <symbol id="sm-1f7">
         <name>_PLL_setMultiplier</name>
         <value>0x850c</value>
         <object_component_ref idref="oc-e5"/>
      </symbol>
      <symbol id="sm-21c">
         <name>_PIE_enable</name>
         <value>0x8630</value>
         <object_component_ref idref="oc-cb"/>
      </symbol>
      <symbol id="sm-21d">
         <name>_PIE_disableAllInts</name>
         <value>0x842c</value>
         <object_component_ref idref="oc-c7"/>
      </symbol>
      <symbol id="sm-21e">
         <name>_PIE_disable</name>
         <value>0x862d</value>
         <object_component_ref idref="oc-c6"/>
      </symbol>
      <symbol id="sm-21f">
         <name>_PIE_enableTimer0Int</name>
         <value>0x8633</value>
         <object_component_ref idref="oc-cf"/>
      </symbol>
      <symbol id="sm-220">
         <name>_PIE_registerPieIntHandler</name>
         <value>0x843b</value>
         <object_component_ref idref="oc-cc"/>
      </symbol>
      <symbol id="sm-221">
         <name>_PIE_init</name>
         <value>0x8493</value>
         <object_component_ref idref="oc-bb"/>
      </symbol>
      <symbol id="sm-222">
         <name>_PIE_setDebugIntVectorTable</name>
         <value>0x844a</value>
         <object_component_ref idref="oc-ca"/>
      </symbol>
      <symbol id="sm-223">
         <name>_PIE_enablePwmInt</name>
         <value>0x8459</value>
         <object_component_ref idref="oc-ce"/>
      </symbol>
      <symbol id="sm-224">
         <name>_PIE_enableInt</name>
         <value>0x8466</value>
         <object_component_ref idref="oc-d6"/>
      </symbol>
      <symbol id="sm-225">
         <name>_PIE_tableDebugInit</name>
         <value>0x600</value>
         <object_component_ref idref="oc-e7"/>
      </symbol>
      <symbol id="sm-246">
         <name>_GPIO_setQualification</name>
         <value>0x8399</value>
         <object_component_ref idref="oc-d4"/>
      </symbol>
      <symbol id="sm-247">
         <name>_GPIO_setMode</name>
         <value>0x3b3</value>
         <object_component_ref idref="oc-d5"/>
      </symbol>
      <symbol id="sm-248">
         <name>_GPIO_init</name>
         <value>0x84d4</value>
         <object_component_ref idref="oc-ba"/>
      </symbol>
      <symbol id="sm-249">
         <name>_GPIO_setPullUp</name>
         <value>0x8365</value>
         <object_component_ref idref="oc-d3"/>
      </symbol>
      <symbol id="sm-24a">
         <name>_GPIO_setDirection</name>
         <value>0x8331</value>
         <object_component_ref idref="oc-d2"/>
      </symbol>
      <symbol id="sm-24b">
         <name>_GPIO_setPortData</name>
         <value>0x841d</value>
         <object_component_ref idref="oc-b0"/>
      </symbol>
      <symbol id="sm-256">
         <name>_FLASH_init</name>
         <value>0x84cd</value>
         <object_component_ref idref="oc-b9"/>
      </symbol>
      <symbol id="sm-26d">
         <name>_CPU_disableGlobalInts</name>
         <value>0x8624</value>
         <object_component_ref idref="oc-c8"/>
      </symbol>
      <symbol id="sm-26e">
         <name>_CPU_enableGlobalInts</name>
         <value>0x862a</value>
         <object_component_ref idref="oc-d0"/>
      </symbol>
      <symbol id="sm-26f">
         <name>_CPU_clearIntFlags</name>
         <value>0x8621</value>
         <object_component_ref idref="oc-c9"/>
      </symbol>
      <symbol id="sm-270">
         <name>_CPU_init</name>
         <value>0x8611</value>
         <object_component_ref idref="oc-b8"/>
      </symbol>
      <symbol id="sm-271">
         <name>_cpu</name>
         <value>0x736</value>
         <object_component_ref idref="oc-84"/>
      </symbol>
      <symbol id="sm-272">
         <name>_CPU_enableDebugInt</name>
         <value>0x8627</value>
         <object_component_ref idref="oc-d1"/>
      </symbol>
      <symbol id="sm-273">
         <name>_CPU_enableInt</name>
         <value>0x3fc</value>
         <object_component_ref idref="oc-cd"/>
      </symbol>
      <symbol id="sm-28c">
         <name>_CLK_enablePwmClock</name>
         <value>0x8470</value>
         <object_component_ref idref="oc-d8"/>
      </symbol>
      <symbol id="sm-28d">
         <name>_CLK_enableAdcClock</name>
         <value>0x84b1</value>
         <object_component_ref idref="oc-c2"/>
      </symbol>
      <symbol id="sm-28e">
         <name>_CLK_disableAdcClock</name>
         <value>0x84a3</value>
         <object_component_ref idref="oc-c3"/>
      </symbol>
      <symbol id="sm-28f">
         <name>_CLK_enableTbClockSync</name>
         <value>0x84b8</value>
         <object_component_ref idref="oc-e1"/>
      </symbol>
      <symbol id="sm-290">
         <name>_CLK_disableTbClockSync</name>
         <value>0x84aa</value>
         <object_component_ref idref="oc-d7"/>
      </symbol>
      <symbol id="sm-291">
         <name>_CLK_enableSciaClock</name>
         <value>0x8479</value>
         <object_component_ref idref="oc-e2"/>
      </symbol>
      <symbol id="sm-292">
         <name>_CLK_setOscSrc</name>
         <value>0x84c6</value>
         <object_component_ref idref="oc-c4"/>
      </symbol>
      <symbol id="sm-293">
         <name>_CLK_init</name>
         <value>0x84bf</value>
         <object_component_ref idref="oc-b7"/>
      </symbol>
      <symbol id="sm-29e">
         <name>_ADC_init</name>
         <value>0x848b</value>
         <object_component_ref idref="oc-c0"/>
      </symbol>
      <symbol id="sm-2ab">
         <name>_setDBGIER</name>
         <value>0x8413</value>
         <object_component_ref idref="oc-90"/>
      </symbol>
      <symbol id="sm-2ac">
         <name>_DSP28x_DisableInt</name>
         <value>0x8416</value>
         <object_component_ref idref="oc-90"/>
      </symbol>
      <symbol id="sm-2ad">
         <name>_DSP28x_RestoreInt</name>
         <value>0x841a</value>
         <object_component_ref idref="oc-90"/>
      </symbol>
      <symbol id="sm-2ae">
         <name>_DSP28x_usDelay</name>
         <value>0x8643</value>
         <object_component_ref idref="oc-91"/>
      </symbol>
      <symbol id="sm-2af">
         <name>code_start</name>
         <value>0x0</value>
         <object_component_ref idref="oc-32"/>
      </symbol>
      <symbol id="sm-3af">
         <name>_ILLEGAL_ISR</name>
         <value>0x8580</value>
         <object_component_ref idref="oc-ef"/>
      </symbol>
      <symbol id="sm-3b0">
         <name>_ADCINT4_ISR</name>
         <value>0x8521</value>
         <object_component_ref idref="oc-114"/>
      </symbol>
      <symbol id="sm-3b1">
         <name>_DATALOG_ISR</name>
         <value>0x853f</value>
         <object_component_ref idref="oc-eb"/>
      </symbol>
      <symbol id="sm-3b2">
         <name>_SPITXINTA_ISR</name>
         <value>0x85ad</value>
         <object_component_ref idref="oc-10e"/>
      </symbol>
      <symbol id="sm-3b3">
         <name>_SPIRXINTA_ISR</name>
         <value>0x85a8</value>
         <object_component_ref idref="oc-10d"/>
      </symbol>
      <symbol id="sm-3b4">
         <name>_INT13_ISR</name>
         <value>0x8585</value>
         <object_component_ref idref="oc-e9"/>
      </symbol>
      <symbol id="sm-3b5">
         <name>_ADCINT5_ISR</name>
         <value>0x8526</value>
         <object_component_ref idref="oc-115"/>
      </symbol>
      <symbol id="sm-3b6">
         <name>_EPWM4_INT_ISR</name>
         <value>0x856c</value>
         <object_component_ref idref="oc-10b"/>
      </symbol>
      <symbol id="sm-3b7">
         <name>_USER5_ISR</name>
         <value>0x85df</value>
         <object_component_ref idref="oc-f4"/>
      </symbol>
      <symbol id="sm-3b8">
         <name>_EPWM4_TZINT_ISR</name>
         <value>0x8571</value>
         <object_component_ref idref="oc-107"/>
      </symbol>
      <symbol id="sm-3b9">
         <name>_EMUINT_ISR</name>
         <value>0x8549</value>
         <object_component_ref idref="oc-ed"/>
      </symbol>
      <symbol id="sm-3ba">
         <name>_ECAP1_INT_ISR</name>
         <value>0x8544</value>
         <object_component_ref idref="oc-10c"/>
      </symbol>
      <symbol id="sm-3bb">
         <name>_EPWM1_TZINT_ISR</name>
         <value>0x8553</value>
         <object_component_ref idref="oc-104"/>
      </symbol>
      <symbol id="sm-3bc">
         <name>_ADCINT6_ISR</name>
         <value>0x852b</value>
         <object_component_ref idref="oc-116"/>
      </symbol>
      <symbol id="sm-3bd">
         <name>_ADCINT8_ISR</name>
         <value>0x8535</value>
         <object_component_ref idref="oc-118"/>
      </symbol>
      <symbol id="sm-3be">
         <name>_USER11_ISR</name>
         <value>0x85c1</value>
         <object_component_ref idref="oc-fa"/>
      </symbol>
      <symbol id="sm-3bf">
         <name>_EPWM3_TZINT_ISR</name>
         <value>0x8567</value>
         <object_component_ref idref="oc-106"/>
      </symbol>
      <symbol id="sm-3c0">
         <name>_USER4_ISR</name>
         <value>0x85da</value>
         <object_component_ref idref="oc-f3"/>
      </symbol>
      <symbol id="sm-3c1">
         <name>_EPWM2_TZINT_ISR</name>
         <value>0x855d</value>
         <object_component_ref idref="oc-105"/>
      </symbol>
      <symbol id="sm-3c2">
         <name>_EPWM2_INT_ISR</name>
         <value>0x8558</value>
         <object_component_ref idref="oc-109"/>
      </symbol>
      <symbol id="sm-3c3">
         <name>_TINT0_ISR</name>
         <value>0x85b7</value>
         <object_component_ref idref="oc-102"/>
      </symbol>
      <symbol id="sm-3c4">
         <name>_WAKEINT_ISR</name>
         <value>0x85f8</value>
         <object_component_ref idref="oc-103"/>
      </symbol>
      <symbol id="sm-3c5">
         <name>_ADCINT7_ISR</name>
         <value>0x8530</value>
         <object_component_ref idref="oc-117"/>
      </symbol>
      <symbol id="sm-3c6">
         <name>_ADCINT9_ISR</name>
         <value>0x853a</value>
         <object_component_ref idref="oc-101"/>
      </symbol>
      <symbol id="sm-3c7">
         <name>_USER10_ISR</name>
         <value>0x85bc</value>
         <object_component_ref idref="oc-f9"/>
      </symbol>
      <symbol id="sm-3c8">
         <name>_USER7_ISR</name>
         <value>0x85e9</value>
         <object_component_ref idref="oc-f6"/>
      </symbol>
      <symbol id="sm-3c9">
         <name>_XINT1_ISR</name>
         <value>0x85fd</value>
         <object_component_ref idref="oc-ff"/>
      </symbol>
      <symbol id="sm-3ca">
         <name>_INT14_ISR</name>
         <value>0x858a</value>
         <object_component_ref idref="oc-ea"/>
      </symbol>
      <symbol id="sm-3cb">
         <name>_USER6_ISR</name>
         <value>0x85e4</value>
         <object_component_ref idref="oc-f5"/>
      </symbol>
      <symbol id="sm-3cc">
         <name>_ADCINT1_ISR</name>
         <value>0x8512</value>
         <object_component_ref idref="oc-fc"/>
      </symbol>
      <symbol id="sm-3cd">
         <name>_USER12_ISR</name>
         <value>0x85c6</value>
         <object_component_ref idref="oc-fb"/>
      </symbol>
      <symbol id="sm-3ce">
         <name>_USER1_ISR</name>
         <value>0x85cb</value>
         <object_component_ref idref="oc-f0"/>
      </symbol>
      <symbol id="sm-3cf">
         <name>_XINT3_ISR</name>
         <value>0x8607</value>
         <object_component_ref idref="oc-119"/>
      </symbol>
      <symbol id="sm-3d0">
         <name>_NMI_ISR</name>
         <value>0x858f</value>
         <object_component_ref idref="oc-ee"/>
      </symbol>
      <symbol id="sm-3d1">
         <name>_ADCINT2_ISR</name>
         <value>0x8517</value>
         <object_component_ref idref="oc-fd"/>
      </symbol>
      <symbol id="sm-3d2">
         <name>_PIE_RESERVED</name>
         <value>0x8594</value>
         <object_component_ref idref="oc-e8"/>
      </symbol>
      <symbol id="sm-3d3">
         <name>_I2CINT1A_ISR</name>
         <value>0x8576</value>
         <object_component_ref idref="oc-10f"/>
      </symbol>
      <symbol id="sm-3d4">
         <name>_XINT2_ISR</name>
         <value>0x8602</value>
         <object_component_ref idref="oc-100"/>
      </symbol>
      <symbol id="sm-3d5">
         <name>_I2CINT2A_ISR</name>
         <value>0x857b</value>
         <object_component_ref idref="oc-110"/>
      </symbol>
      <symbol id="sm-3d6">
         <name>_RTOSINT_ISR</name>
         <value>0x8599</value>
         <object_component_ref idref="oc-ec"/>
      </symbol>
      <symbol id="sm-3d7">
         <name>_EPWM3_INT_ISR</name>
         <value>0x8562</value>
         <object_component_ref idref="oc-10a"/>
      </symbol>
      <symbol id="sm-3d8">
         <name>_ADCINT3_ISR</name>
         <value>0x851c</value>
         <object_component_ref idref="oc-113"/>
      </symbol>
      <symbol id="sm-3d9">
         <name>_USER9_ISR</name>
         <value>0x85f3</value>
         <object_component_ref idref="oc-f8"/>
      </symbol>
      <symbol id="sm-3da">
         <name>_USER3_ISR</name>
         <value>0x85d5</value>
         <object_component_ref idref="oc-f2"/>
      </symbol>
      <symbol id="sm-3db">
         <name>_USER8_ISR</name>
         <value>0x85ee</value>
         <object_component_ref idref="oc-f7"/>
      </symbol>
      <symbol id="sm-3dc">
         <name>_EPWM1_INT_ISR</name>
         <value>0x854e</value>
         <object_component_ref idref="oc-108"/>
      </symbol>
      <symbol id="sm-3dd">
         <name>_USER2_ISR</name>
         <value>0x85d0</value>
         <object_component_ref idref="oc-f1"/>
      </symbol>
      <symbol id="sm-3de">
         <name>_SCITXINTA_ISR</name>
         <value>0x85a3</value>
         <object_component_ref idref="oc-112"/>
      </symbol>
      <symbol id="sm-3df">
         <name>_SCIRXINTA_ISR</name>
         <value>0x859e</value>
         <object_component_ref idref="oc-111"/>
      </symbol>
      <symbol id="sm-3e0">
         <name>_rsvd_ISR</name>
         <value>0x860c</value>
         <object_component_ref idref="oc-fe"/>
      </symbol>
      <symbol id="sm-3f4">
         <name>_c_int00</name>
         <value>0x82ed</value>
         <object_component_ref idref="oc-99"/>
      </symbol>
      <symbol id="sm-3f5">
         <name>__stack</name>
         <value>0x400</value>
         <object_component_ref idref="oc-9a"/>
      </symbol>
      <symbol id="sm-406">
         <name>C$$EXIT</name>
         <value>0x83dd</value>
         <object_component_ref idref="oc-b5"/>
      </symbol>
      <symbol id="sm-407">
         <name>_exit</name>
         <value>0x83df</value>
         <object_component_ref idref="oc-b5"/>
      </symbol>
      <symbol id="sm-408">
         <name>___TI_cleanup_ptr</name>
         <value>0x72e</value>
         <object_component_ref idref="oc-a1"/>
      </symbol>
      <symbol id="sm-409">
         <name>_abort</name>
         <value>0x83dd</value>
         <object_component_ref idref="oc-b5"/>
      </symbol>
      <symbol id="sm-40a">
         <name>___TI_dtors_ptr</name>
         <value>0x730</value>
         <object_component_ref idref="oc-a1"/>
      </symbol>
      <symbol id="sm-418">
         <name>__unlock</name>
         <value>0x72a</value>
         <object_component_ref idref="oc-a7"/>
      </symbol>
      <symbol id="sm-419">
         <name>__lock</name>
         <value>0x72c</value>
         <object_component_ref idref="oc-a7"/>
      </symbol>
      <symbol id="sm-41a">
         <name>__register_lock</name>
         <value>0x8486</value>
         <object_component_ref idref="oc-b6"/>
      </symbol>
      <symbol id="sm-41b">
         <name>__nop</name>
         <value>0x848a</value>
         <object_component_ref idref="oc-b6"/>
      </symbol>
      <symbol id="sm-41c">
         <name>__register_unlock</name>
         <value>0x8482</value>
         <object_component_ref idref="oc-b6"/>
      </symbol>
      <symbol id="sm-428">
         <name>__args_main</name>
         <value>0x83c4</value>
         <object_component_ref idref="oc-b4"/>
      </symbol>
      <symbol id="sm-429">
         <name>__TI_args_main</name>
         <value>0x1</value>
      </symbol>
   </symbol_table>
   <title>Link successful</title>
</link_info>
